// Jest Snapshot v1, https://goo.gl/fbAQLP

exports[`Pruebas en <GitItem/> Debe de hacer match con el snapshot 1`] = `
<div>
  <div
    class="card"
  >
    <img
      alt="Spider-Man"
      src="https://spider-man.com/"
    />
    <p>
      Spider-Man
    </p>
  </div>
</div>
`;
